// Jest Snapshot v1, https://goo.gl/fbAQLP

exports[`getToken 1`] = `
Object {
  "@@redux-saga/IO": true,
  "SELECT": Object {
    "args": Array [],
    "selector": [Function],
  },
}
`;

exports[`getToken 2`] = `
Object {
  "done": true,
  "value": "fake-token",
}
`;
