// Jest Snapshot v1, https://goo.gl/fbAQLP

exports[`snapshot 1`] = `
<IntlProvider
  defaultLocale="ja"
  locale="en"
  messages={Object {}}
>
  <h1>
    Test
  </h1>
</IntlProvider>
`;
