// Jest Snapshot v1, https://goo.gl/fbAQLP

exports[`makeSelectLocale 1`] = `"en"`;
