// Jest Snapshot v1, https://goo.gl/fbAQLP

exports[`default action 1`] = `Object {}`;
