// Jest Snapshot v1, https://goo.gl/fbAQLP

exports[`root 1`] = `
Object {
  "@@redux-saga/IO": true,
  "FORK": Object {
    "args": Array [
      "BoxContainer/OPEN_PIXIV",
      [Function],
    ],
    "context": null,
    "fn": [Function],
  },
}
`;
